Hello from Xisp!
This is a test file.
Appended text!